2026-07-09 17:57:52.428 | INFO     | app.view.main_window:__init__:15 | 开始初始化主窗口
2026-07-09 17:57:52.554 | INFO     | app.view.main_window:initWindow:37 | 开始初始化窗口设置
2026-07-09 17:57:52.871 | DEBUG    | app.view.main_window:initWindow:44 | 已设置窗口基本属性
2026-07-09 17:57:52.873 | DEBUG    | app.view.main_window:initWindow:49 | 已创建并设置启动屏幕
2026-07-09 17:57:52.873 | DEBUG    | app.view.main_window:initWindow:54 | 已移动窗口到屏幕中心
2026-07-09 17:57:52.906 | INFO     | app.view.main_window:initWindow:58 | 窗口初始化完成并显示
2026-07-09 17:57:52.908 | DEBUG    | app.view.main_window:connectSignalToSlot:27 | 连接信号和槽
2026-07-09 17:57:52.908 | INFO     | app.view.main_window:initNavigation:32 | 开始初始化导航界面
2026-07-09 17:57:52.908 | INFO     | app.view.main_window:initNavigation:34 | 导航界面初始化完成
2026-07-09 17:57:52.908 | INFO     | app.view.main_window:__init__:24 | 主窗口初始化完成
2026-07-09 17:57:58.358 | INFO     | __main__:<module>:46 | 应用程序退出
2026-07-09 18:13:35.545 | INFO     | app.view.main_window:__init__:15 | 开始初始化主窗口
2026-07-09 18:13:35.661 | INFO     | app.view.main_window:initWindow:37 | 开始初始化窗口设置
2026-07-09 18:13:35.984 | DEBUG    | app.view.main_window:initWindow:44 | 已设置窗口基本属性
2026-07-09 18:13:35.986 | DEBUG    | app.view.main_window:initWindow:49 | 已创建并设置启动屏幕
2026-07-09 18:13:35.986 | DEBUG    | app.view.main_window:initWindow:54 | 已移动窗口到屏幕中心
2026-07-09 18:13:36.022 | INFO     | app.view.main_window:initWindow:58 | 窗口初始化完成并显示
2026-07-09 18:13:36.023 | DEBUG    | app.view.main_window:connectSignalToSlot:27 | 连接信号和槽
2026-07-09 18:13:36.023 | INFO     | app.view.main_window:initNavigation:32 | 开始初始化导航界面
2026-07-09 18:13:36.023 | INFO     | app.view.main_window:initNavigation:34 | 导航界面初始化完成
2026-07-09 18:13:36.025 | INFO     | app.view.main_window:__init__:24 | 主窗口初始化完成
2026-07-09 18:13:37.625 | INFO     | __main__:<module>:46 | 应用程序退出
2026-07-09 18:47:20.099 | INFO     | app.view.main_window:__init__:16 | 开始初始化主窗口
2026-07-09 18:47:20.212 | INFO     | app.view.main_window:initWindow:43 | 开始初始化窗口设置
2026-07-09 18:47:20.479 | DEBUG    | app.view.main_window:initWindow:50 | 已设置窗口基本属性
2026-07-09 18:47:20.481 | DEBUG    | app.view.main_window:initWindow:55 | 已创建并设置启动屏幕
2026-07-09 18:47:20.482 | DEBUG    | app.view.main_window:initWindow:60 | 已移动窗口到屏幕中心
2026-07-09 18:47:20.513 | INFO     | app.view.main_window:initWindow:64 | 窗口初始化完成并显示
2026-07-09 18:47:20.516 | INFO     | app.view.setting_interface:__init__:32 | [Setting] SoftwareSettingWidget 初始化
2026-07-09 18:47:20.628 | DEBUG    | app.view.main_window:connectSignalToSlot:29 | 连接信号和槽
2026-07-09 18:47:20.629 | INFO     | app.view.main_window:initNavigation:32 | 开始初始化导航界面
2026-07-09 18:47:21.042 | INFO     | app.view.main_window:initNavigation:40 | 导航界面初始化完成
2026-07-09 18:47:21.043 | INFO     | app.view.main_window:__init__:26 | 主窗口初始化完成
2026-07-09 18:47:25.808 | INFO     | __main__:<module>:48 | 应用程序退出
2026-07-09 18:47:44.881 | INFO     | app.view.main_window:__init__:16 | 开始初始化主窗口
2026-07-09 18:47:45.009 | INFO     | app.view.main_window:initWindow:43 | 开始初始化窗口设置
2026-07-09 18:47:45.467 | DEBUG    | app.view.main_window:initWindow:50 | 已设置窗口基本属性
2026-07-09 18:47:45.469 | DEBUG    | app.view.main_window:initWindow:55 | 已创建并设置启动屏幕
2026-07-09 18:47:45.469 | DEBUG    | app.view.main_window:initWindow:60 | 已移动窗口到屏幕中心
2026-07-09 18:47:45.504 | INFO     | app.view.main_window:initWindow:64 | 窗口初始化完成并显示
2026-07-09 18:47:45.509 | INFO     | app.view.setting_interface:__init__:32 | [Setting] SoftwareSettingWidget 初始化
2026-07-09 18:47:45.602 | DEBUG    | app.view.main_window:connectSignalToSlot:29 | 连接信号和槽
2026-07-09 18:47:45.603 | INFO     | app.view.main_window:initNavigation:32 | 开始初始化导航界面
2026-07-09 18:47:45.624 | INFO     | app.view.main_window:initNavigation:40 | 导航界面初始化完成
2026-07-09 18:47:45.624 | INFO     | app.view.main_window:__init__:26 | 主窗口初始化完成
2026-07-09 18:47:52.406 | INFO     | __main__:<module>:48 | 应用程序退出
2026-07-09 19:03:06.013 | INFO     | app.view.main_window:__init__:16 | 开始初始化主窗口
2026-07-09 19:03:06.126 | INFO     | app.view.main_window:initWindow:43 | 开始初始化窗口设置
2026-07-09 19:03:06.497 | DEBUG    | app.view.main_window:initWindow:50 | 已设置窗口基本属性
2026-07-09 19:03:06.499 | DEBUG    | app.view.main_window:initWindow:55 | 已创建并设置启动屏幕
2026-07-09 19:03:06.499 | DEBUG    | app.view.main_window:initWindow:60 | 已移动窗口到屏幕中心
2026-07-09 19:03:06.529 | INFO     | app.view.main_window:initWindow:64 | 窗口初始化完成并显示
2026-07-09 19:03:06.533 | INFO     | app.view.setting_interface:__init__:32 | [Setting] SoftwareSettingWidget 初始化
2026-07-09 19:03:06.591 | DEBUG    | app.view.main_window:connectSignalToSlot:29 | 连接信号和槽
2026-07-09 19:03:06.591 | INFO     | app.view.main_window:initNavigation:32 | 开始初始化导航界面
2026-07-09 19:03:06.609 | INFO     | app.view.main_window:initNavigation:40 | 导航界面初始化完成
2026-07-09 19:03:06.610 | INFO     | app.view.main_window:__init__:26 | 主窗口初始化完成
2026-07-09 19:03:21.633 | INFO     | app.view.setting_interface:_selectDownloadPath:133 | [Setting] 下载保存路径已修改: E:/6D-Refactor
2026-07-09 19:03:26.553 | INFO     | app.view.setting_interface:_selectDownloadPath:133 | [Setting] 下载保存路径已修改: E:/6D-Refactor/logs
2026-07-09 19:03:28.495 | INFO     | app.view.setting_interface:_onPageNumsChanged:142 | [Setting] 每页检索数量已修改: 20
2026-07-09 19:03:37.874 | INFO     | app.view.setting_interface:_onPageNumsChanged:142 | [Setting] 每页检索数量已修改: 100
2026-07-09 19:03:39.531 | INFO     | app.view.setting_interface:_onMaxTriesChanged:156 | [Setting] 最大尝试次数已修改: 7
2026-07-09 19:03:41.342 | INFO     | app.view.setting_interface:_onMaxTriesChanged:156 | [Setting] 最大尝试次数已修改: 3
2026-07-09 19:03:46.845 | INFO     | app.view.setting_interface:_onHskTokenChanged:163 | [Setting] HSK-Token 已更新
2026-07-09 19:03:48.494 | INFO     | app.view.setting_interface:_onGlobalTokenChanged:170 | [Setting] Global-Token 已更新
2026-07-09 19:03:51.308 | INFO     | app.view.setting_interface:_onGlobalTokenChanged:170 | [Setting] Global-Token 已更新
2026-07-09 19:03:52.745 | INFO     | app.view.setting_interface:_onHskTokenChanged:163 | [Setting] HSK-Token 已更新
2026-07-09 19:04:04.216 | INFO     | __main__:<module>:48 | 应用程序退出
2026-07-09 19:09:08.262 | INFO     | app.view.main_window:__init__:16 | 开始初始化主窗口
2026-07-09 19:09:08.378 | INFO     | app.view.main_window:initWindow:43 | 开始初始化窗口设置
2026-07-09 19:09:08.747 | DEBUG    | app.view.main_window:initWindow:50 | 已设置窗口基本属性
2026-07-09 19:09:08.748 | DEBUG    | app.view.main_window:initWindow:55 | 已创建并设置启动屏幕
2026-07-09 19:09:08.749 | DEBUG    | app.view.main_window:initWindow:60 | 已移动窗口到屏幕中心
2026-07-09 19:09:08.770 | INFO     | app.view.main_window:initWindow:64 | 窗口初始化完成并显示
2026-07-09 19:09:08.774 | INFO     | app.view.setting_interface:__init__:34 | [Setting] SoftwareSettingWidget 初始化
2026-07-09 19:09:08.792 | INFO     | app.view.setting_interface:__init__:182 | [Setting] LicenseSettingWidget 初始化
2026-07-09 19:09:26.536 | INFO     | app.view.main_window:__init__:16 | 开始初始化主窗口
2026-07-09 19:09:26.651 | INFO     | app.view.main_window:initWindow:43 | 开始初始化窗口设置
2026-07-09 19:09:27.020 | DEBUG    | app.view.main_window:initWindow:50 | 已设置窗口基本属性
2026-07-09 19:09:27.022 | DEBUG    | app.view.main_window:initWindow:55 | 已创建并设置启动屏幕
2026-07-09 19:09:27.023 | DEBUG    | app.view.main_window:initWindow:60 | 已移动窗口到屏幕中心
2026-07-09 19:09:27.051 | INFO     | app.view.main_window:initWindow:64 | 窗口初始化完成并显示
2026-07-09 19:09:27.054 | INFO     | app.view.setting_interface:__init__:34 | [Setting] SoftwareSettingWidget 初始化
2026-07-09 19:09:27.073 | INFO     | app.view.setting_interface:__init__:182 | [Setting] LicenseSettingWidget 初始化
2026-07-09 19:09:37.644 | INFO     | app.view.main_window:__init__:16 | 开始初始化主窗口
2026-07-09 19:09:37.763 | INFO     | app.view.main_window:initWindow:43 | 开始初始化窗口设置
2026-07-09 19:09:38.112 | DEBUG    | app.view.main_window:initWindow:50 | 已设置窗口基本属性
2026-07-09 19:09:38.114 | DEBUG    | app.view.main_window:initWindow:55 | 已创建并设置启动屏幕
2026-07-09 19:09:38.115 | DEBUG    | app.view.main_window:initWindow:60 | 已移动窗口到屏幕中心
2026-07-09 19:09:38.146 | INFO     | app.view.main_window:initWindow:64 | 窗口初始化完成并显示
2026-07-09 19:09:38.151 | INFO     | app.view.setting_interface:__init__:34 | [Setting] SoftwareSettingWidget 初始化
2026-07-09 19:09:38.169 | INFO     | app.view.setting_interface:__init__:182 | [Setting] LicenseSettingWidget 初始化
2026-07-09 19:09:38.342 | INFO     | app.view.setting_interface:_loadDeviceId:272 | [Setting] 设备码加载成功: 6a381896f683703f...
2026-07-09 19:09:38.397 | DEBUG    | app.view.main_window:connectSignalToSlot:29 | 连接信号和槽
2026-07-09 19:09:38.397 | INFO     | app.view.main_window:initNavigation:32 | 开始初始化导航界面
2026-07-09 19:09:38.419 | INFO     | app.view.main_window:initNavigation:40 | 导航界面初始化完成
2026-07-09 19:09:38.419 | INFO     | app.view.main_window:__init__:26 | 主窗口初始化完成
2026-07-09 19:09:58.371 | INFO     | __main__:<module>:48 | 应用程序退出
2026-07-09 19:14:37.798 | INFO     | app.view.main_window:__init__:16 | 开始初始化主窗口
2026-07-09 19:14:37.909 | INFO     | app.view.main_window:initWindow:43 | 开始初始化窗口设置
2026-07-09 19:14:38.263 | DEBUG    | app.view.main_window:initWindow:50 | 已设置窗口基本属性
2026-07-09 19:14:38.265 | DEBUG    | app.view.main_window:initWindow:55 | 已创建并设置启动屏幕
2026-07-09 19:14:38.266 | DEBUG    | app.view.main_window:initWindow:60 | 已移动窗口到屏幕中心
2026-07-09 19:14:38.295 | INFO     | app.view.main_window:initWindow:64 | 窗口初始化完成并显示
2026-07-09 19:14:38.299 | INFO     | app.view.setting_interface:__init__:34 | [Setting] SoftwareSettingWidget 初始化
2026-07-09 19:14:38.317 | INFO     | app.view.setting_interface:__init__:182 | [Setting] LicenseSettingWidget 初始化
2026-07-09 19:14:38.433 | INFO     | app.view.setting_interface:_loadDeviceId:270 | [Setting] 设备码加载成功: 6a381896f683703f...
2026-07-09 19:14:38.494 | DEBUG    | app.view.main_window:connectSignalToSlot:29 | 连接信号和槽
2026-07-09 19:14:38.496 | INFO     | app.view.main_window:initNavigation:32 | 开始初始化导航界面
2026-07-09 19:14:38.519 | INFO     | app.view.main_window:initNavigation:40 | 导航界面初始化完成
2026-07-09 19:14:38.521 | INFO     | app.view.main_window:__init__:26 | 主窗口初始化完成
2026-07-09 19:14:42.086 | INFO     | app.view.setting_interface:_copyDeviceId:282 | [Setting] 设备码已复制到剪贴板
2026-07-09 19:15:17.563 | INFO     | __main__:<module>:48 | 应用程序退出
2026-07-09 19:23:17.071 | INFO     | app.view.main_window:__init__:16 | 开始初始化主窗口
2026-07-09 19:23:17.185 | INFO     | app.view.main_window:initWindow:43 | 开始初始化窗口设置
2026-07-09 19:23:17.571 | DEBUG    | app.view.main_window:initWindow:50 | 已设置窗口基本属性
2026-07-09 19:23:17.573 | DEBUG    | app.view.main_window:initWindow:55 | 已创建并设置启动屏幕
2026-07-09 19:23:17.573 | DEBUG    | app.view.main_window:initWindow:60 | 已移动窗口到屏幕中心
2026-07-09 19:23:17.607 | INFO     | app.view.main_window:initWindow:64 | 窗口初始化完成并显示
2026-07-09 19:23:17.610 | INFO     | app.view.setting_interface:__init__:34 | [Setting] SoftwareSettingWidget 初始化
2026-07-09 19:23:17.629 | INFO     | app.view.setting_interface:__init__:182 | [Setting] LicenseSettingWidget 初始化
2026-07-09 19:23:17.690 | INFO     | app.view.setting_interface:_loadDeviceId:271 | [Setting] 设备码加载成功: 6a381896f683703f...
2026-07-09 19:23:17.692 | INFO     | app.view.setting_interface:_updateActivationStatus:361 | [Setting] 当前状态: 未激活
2026-07-09 19:23:17.748 | DEBUG    | app.view.main_window:connectSignalToSlot:29 | 连接信号和槽
2026-07-09 19:23:17.749 | INFO     | app.view.main_window:initNavigation:32 | 开始初始化导航界面
2026-07-09 19:23:17.769 | INFO     | app.view.main_window:initNavigation:40 | 导航界面初始化完成
2026-07-09 19:23:17.769 | INFO     | app.view.main_window:__init__:26 | 主窗口初始化完成
2026-07-09 19:23:28.085 | INFO     | __main__:<module>:48 | 应用程序退出
2026-07-09 19:26:46.206 | INFO     | app.view.main_window:__init__:16 | 开始初始化主窗口
2026-07-09 19:26:46.328 | INFO     | app.view.main_window:initWindow:43 | 开始初始化窗口设置
2026-07-09 19:26:46.702 | DEBUG    | app.view.main_window:initWindow:50 | 已设置窗口基本属性
2026-07-09 19:26:46.704 | DEBUG    | app.view.main_window:initWindow:55 | 已创建并设置启动屏幕
2026-07-09 19:26:46.704 | DEBUG    | app.view.main_window:initWindow:60 | 已移动窗口到屏幕中心
2026-07-09 19:26:46.729 | INFO     | app.view.main_window:initWindow:64 | 窗口初始化完成并显示
2026-07-09 19:26:46.733 | INFO     | app.view.setting_interface:__init__:34 | [Setting] SoftwareSettingWidget 初始化
2026-07-09 19:26:46.752 | INFO     | app.view.setting_interface:__init__:182 | [Setting] LicenseSettingWidget 初始化
2026-07-09 19:26:46.817 | INFO     | app.view.setting_interface:_loadDeviceId:268 | [Setting] 设备码加载成功: 6a381896f683703f...
2026-07-09 19:26:46.818 | INFO     | app.view.setting_interface:_updateActivationStatus:354 | [Setting] 当前状态: 未激活
2026-07-09 19:26:46.877 | DEBUG    | app.view.main_window:connectSignalToSlot:29 | 连接信号和槽
2026-07-09 19:26:46.877 | INFO     | app.view.main_window:initNavigation:32 | 开始初始化导航界面
2026-07-09 19:26:46.899 | INFO     | app.view.main_window:initNavigation:40 | 导航界面初始化完成
2026-07-09 19:26:46.900 | INFO     | app.view.main_window:__init__:26 | 主窗口初始化完成
2026-07-09 19:26:53.635 | INFO     | __main__:<module>:48 | 应用程序退出
2026-07-09 19:27:24.957 | INFO     | app.view.main_window:__init__:16 | 开始初始化主窗口
2026-07-09 19:27:25.072 | INFO     | app.view.main_window:initWindow:43 | 开始初始化窗口设置
2026-07-09 19:27:25.449 | DEBUG    | app.view.main_window:initWindow:50 | 已设置窗口基本属性
2026-07-09 19:27:25.450 | DEBUG    | app.view.main_window:initWindow:55 | 已创建并设置启动屏幕
2026-07-09 19:27:25.450 | DEBUG    | app.view.main_window:initWindow:60 | 已移动窗口到屏幕中心
2026-07-09 19:27:25.483 | INFO     | app.view.main_window:initWindow:64 | 窗口初始化完成并显示
2026-07-09 19:27:25.487 | INFO     | app.view.setting_interface:__init__:34 | [Setting] SoftwareSettingWidget 初始化
2026-07-09 19:27:25.504 | INFO     | app.view.setting_interface:__init__:182 | [Setting] LicenseSettingWidget 初始化
2026-07-09 19:27:25.566 | INFO     | app.view.setting_interface:_loadDeviceId:268 | [Setting] 设备码加载成功: 6a381896f683703f...
2026-07-09 19:27:25.566 | INFO     | app.view.setting_interface:_updateActivationStatus:354 | [Setting] 当前状态: 未激活
2026-07-09 19:27:25.627 | DEBUG    | app.view.main_window:connectSignalToSlot:29 | 连接信号和槽
2026-07-09 19:27:25.628 | INFO     | app.view.main_window:initNavigation:32 | 开始初始化导航界面
2026-07-09 19:27:25.648 | INFO     | app.view.main_window:initNavigation:40 | 导航界面初始化完成
2026-07-09 19:27:25.649 | INFO     | app.view.main_window:__init__:26 | 主窗口初始化完成
2026-07-09 19:27:40.228 | INFO     | app.view.setting_interface:_activateLicense:297 | [Setting] 尝试激活，激活码: eyJkZXZp...
2026-07-09 19:27:40.279 | INFO     | app.view.setting_interface:_activateLicense:317 | [Setting] 激活成功
2026-07-09 19:27:43.747 | INFO     | app.view.setting_interface:_activateLicense:297 | [Setting] 尝试激活，激活码: eyJkZXZp...
2026-07-09 19:27:43.797 | INFO     | app.view.setting_interface:_activateLicense:317 | [Setting] 激活成功
2026-07-09 19:27:47.065 | INFO     | __main__:<module>:48 | 应用程序退出
2026-07-09 20:37:37.415 | INFO     | app.view.main_window:__init__:16 | 开始初始化主窗口
2026-07-09 20:37:37.530 | INFO     | app.view.main_window:initWindow:43 | 开始初始化窗口设置
2026-07-09 20:37:37.928 | DEBUG    | app.view.main_window:initWindow:50 | 已设置窗口基本属性
2026-07-09 20:37:37.930 | DEBUG    | app.view.main_window:initWindow:55 | 已创建并设置启动屏幕
2026-07-09 20:37:37.930 | DEBUG    | app.view.main_window:initWindow:60 | 已移动窗口到屏幕中心
2026-07-09 20:37:37.966 | INFO     | app.view.main_window:initWindow:64 | 窗口初始化完成并显示
2026-07-09 20:37:37.970 | INFO     | app.view.setting_interface:__init__:32 | [Setting] SoftwareSettingWidget 初始化
2026-07-09 20:37:37.989 | INFO     | app.view.setting_interface:__init__:180 | [Setting] LicenseSettingWidget 初始化
2026-07-09 20:37:38.057 | INFO     | app.view.setting_interface:_loadDeviceId:267 | [Setting] 设备码加载成功: 6a381896f683703f...
2026-07-09 20:37:38.076 | INFO     | app.view.setting_interface:_updateActivationStatus:364 | [Setting] 当前状态: 未激活
2026-07-09 20:37:38.133 | DEBUG    | app.view.main_window:connectSignalToSlot:29 | 连接信号和槽
2026-07-09 20:37:38.134 | INFO     | app.view.main_window:initNavigation:32 | 开始初始化导航界面
2026-07-09 20:37:38.154 | INFO     | app.view.main_window:initNavigation:40 | 导航界面初始化完成
2026-07-09 20:37:38.155 | INFO     | app.view.main_window:__init__:26 | 主窗口初始化完成
2026-07-09 20:37:43.869 | INFO     | app.view.setting_interface:_activateLicense:295 | [Setting] 尝试激活，激活码: eyJkZXZp...
2026-07-09 20:37:43.891 | INFO     | app.view.setting_interface:_activateLicense:315 | [Setting] 激活成功
2026-07-09 20:38:58.108 | INFO     | app.view.main_window:__init__:16 | 开始初始化主窗口
2026-07-09 20:38:58.221 | INFO     | app.view.main_window:initWindow:43 | 开始初始化窗口设置
2026-07-09 20:38:58.582 | DEBUG    | app.view.main_window:initWindow:50 | 已设置窗口基本属性
2026-07-09 20:38:58.583 | DEBUG    | app.view.main_window:initWindow:55 | 已创建并设置启动屏幕
2026-07-09 20:38:58.585 | DEBUG    | app.view.main_window:initWindow:60 | 已移动窗口到屏幕中心
2026-07-09 20:38:58.613 | INFO     | app.view.main_window:initWindow:64 | 窗口初始化完成并显示
2026-07-09 20:38:58.617 | INFO     | app.view.setting_interface:__init__:32 | [Setting] SoftwareSettingWidget 初始化
2026-07-09 20:38:58.635 | INFO     | app.view.setting_interface:__init__:180 | [Setting] LicenseSettingWidget 初始化
2026-07-09 20:38:58.699 | INFO     | app.view.setting_interface:_loadDeviceId:267 | [Setting] 设备码加载成功: 6a381896f683703f...
2026-07-09 20:38:58.719 | INFO     | app.view.setting_interface:_updateActivationStatus:360 | [Setting] 当前状态: 未激活
2026-07-09 20:38:58.773 | DEBUG    | app.view.main_window:connectSignalToSlot:29 | 连接信号和槽
2026-07-09 20:38:58.775 | INFO     | app.view.main_window:initNavigation:32 | 开始初始化导航界面
2026-07-09 20:38:58.795 | INFO     | app.view.main_window:initNavigation:40 | 导航界面初始化完成
2026-07-09 20:38:58.796 | INFO     | app.view.main_window:__init__:26 | 主窗口初始化完成
2026-07-09 20:39:03.055 | INFO     | app.view.setting_interface:_activateLicense:295 | [Setting] 尝试激活，激活码: eyJkZXZp...
2026-07-09 20:39:03.077 | INFO     | app.view.setting_interface:_activateLicense:315 | [Setting] 激活成功
2026-07-09 20:39:03.083 | INFO     | app.view.setting_interface:_updateActivationStatus:348 | [Setting] 当前状态: gg | 有效期至 2026-12-31 | 剩余 174 天
2026-07-09 20:39:17.587 | INFO     | __main__:<module>:48 | 应用程序退出
2026-07-09 20:39:29.138 | INFO     | app.view.main_window:__init__:16 | 开始初始化主窗口
2026-07-09 20:39:29.251 | INFO     | app.view.main_window:initWindow:43 | 开始初始化窗口设置
2026-07-09 20:39:29.613 | DEBUG    | app.view.main_window:initWindow:50 | 已设置窗口基本属性
2026-07-09 20:39:29.614 | DEBUG    | app.view.main_window:initWindow:55 | 已创建并设置启动屏幕
2026-07-09 20:39:29.615 | DEBUG    | app.view.main_window:initWindow:60 | 已移动窗口到屏幕中心
2026-07-09 20:39:29.647 | INFO     | app.view.main_window:initWindow:64 | 窗口初始化完成并显示
2026-07-09 20:39:29.650 | INFO     | app.view.setting_interface:__init__:32 | [Setting] SoftwareSettingWidget 初始化
2026-07-09 20:39:29.670 | INFO     | app.view.setting_interface:__init__:180 | [Setting] LicenseSettingWidget 初始化
2026-07-09 20:39:29.734 | INFO     | app.view.setting_interface:_loadDeviceId:267 | [Setting] 设备码加载成功: 6a381896f683703f...
2026-07-09 20:39:29.754 | INFO     | app.view.setting_interface:_updateActivationStatus:360 | [Setting] 当前状态: 未激活
2026-07-09 20:39:29.809 | DEBUG    | app.view.main_window:connectSignalToSlot:29 | 连接信号和槽
2026-07-09 20:39:29.811 | INFO     | app.view.main_window:initNavigation:32 | 开始初始化导航界面
2026-07-09 20:39:29.832 | INFO     | app.view.main_window:initNavigation:40 | 导航界面初始化完成
2026-07-09 20:39:29.832 | INFO     | app.view.main_window:__init__:26 | 主窗口初始化完成
2026-07-09 20:39:32.421 | INFO     | __main__:<module>:48 | 应用程序退出
2026-07-09 20:41:06.702 | INFO     | app.view.main_window:__init__:16 | 开始初始化主窗口
2026-07-09 20:41:06.821 | INFO     | app.view.main_window:initWindow:43 | 开始初始化窗口设置
2026-07-09 20:41:07.175 | DEBUG    | app.view.main_window:initWindow:50 | 已设置窗口基本属性
2026-07-09 20:41:07.177 | DEBUG    | app.view.main_window:initWindow:55 | 已创建并设置启动屏幕
2026-07-09 20:41:07.177 | DEBUG    | app.view.main_window:initWindow:60 | 已移动窗口到屏幕中心
2026-07-09 20:41:07.210 | INFO     | app.view.main_window:initWindow:64 | 窗口初始化完成并显示
2026-07-09 20:41:07.213 | INFO     | app.view.setting_interface:__init__:32 | [Setting] SoftwareSettingWidget 初始化
2026-07-09 20:41:07.231 | INFO     | app.view.setting_interface:__init__:180 | [Setting] LicenseSettingWidget 初始化
2026-07-09 20:41:07.295 | INFO     | app.view.setting_interface:_loadDeviceId:267 | [Setting] 设备码加载成功: 6a381896f683703f...
2026-07-09 20:41:07.315 | INFO     | app.view.setting_interface:_updateActivationStatus:360 | [Setting] 当前状态: 未激活
2026-07-09 20:41:07.372 | DEBUG    | app.view.main_window:connectSignalToSlot:29 | 连接信号和槽
2026-07-09 20:41:07.372 | INFO     | app.view.main_window:initNavigation:32 | 开始初始化导航界面
2026-07-09 20:41:07.393 | INFO     | app.view.main_window:initNavigation:40 | 导航界面初始化完成
2026-07-09 20:41:07.394 | INFO     | app.view.main_window:__init__:26 | 主窗口初始化完成
2026-07-09 20:41:23.354 | INFO     | app.view.setting_interface:_activateLicense:295 | [Setting] 尝试激活，激活码: eyJkZXZp...
2026-07-09 20:41:23.374 | INFO     | app.view.setting_interface:_activateLicense:315 | [Setting] 激活成功
2026-07-09 20:41:23.381 | INFO     | app.view.setting_interface:_updateActivationStatus:348 | [Setting] 当前状态: gg | 有效期至 2026-12-31 | 剩余 174 天
2026-07-09 20:41:32.370 | INFO     | __main__:<module>:48 | 应用程序退出
2026-07-09 20:41:38.196 | INFO     | app.view.main_window:__init__:16 | 开始初始化主窗口
2026-07-09 20:41:38.311 | INFO     | app.view.main_window:initWindow:43 | 开始初始化窗口设置
2026-07-09 20:41:38.684 | DEBUG    | app.view.main_window:initWindow:50 | 已设置窗口基本属性
2026-07-09 20:41:38.687 | DEBUG    | app.view.main_window:initWindow:55 | 已创建并设置启动屏幕
2026-07-09 20:41:38.688 | DEBUG    | app.view.main_window:initWindow:60 | 已移动窗口到屏幕中心
2026-07-09 20:41:38.715 | INFO     | app.view.main_window:initWindow:64 | 窗口初始化完成并显示
2026-07-09 20:41:38.719 | INFO     | app.view.setting_interface:__init__:32 | [Setting] SoftwareSettingWidget 初始化
2026-07-09 20:41:38.737 | INFO     | app.view.setting_interface:__init__:180 | [Setting] LicenseSettingWidget 初始化
2026-07-09 20:41:38.776 | INFO     | app.view.setting_interface:_loadDeviceId:267 | [Setting] 设备码加载成功: 6a381896f683703f...
2026-07-09 20:42:36.198 | INFO     | app.view.main_window:__init__:16 | 开始初始化主窗口
2026-07-09 20:42:36.311 | INFO     | app.view.main_window:initWindow:43 | 开始初始化窗口设置
2026-07-09 20:42:36.673 | DEBUG    | app.view.main_window:initWindow:50 | 已设置窗口基本属性
2026-07-09 20:42:36.675 | DEBUG    | app.view.main_window:initWindow:55 | 已创建并设置启动屏幕
2026-07-09 20:42:36.675 | DEBUG    | app.view.main_window:initWindow:60 | 已移动窗口到屏幕中心
2026-07-09 20:42:36.706 | INFO     | app.view.main_window:initWindow:64 | 窗口初始化完成并显示
2026-07-09 20:42:36.709 | INFO     | app.view.setting_interface:__init__:32 | [Setting] SoftwareSettingWidget 初始化
2026-07-09 20:42:36.728 | INFO     | app.view.setting_interface:__init__:180 | [Setting] LicenseSettingWidget 初始化
2026-07-09 20:42:36.776 | INFO     | app.view.setting_interface:_loadDeviceId:267 | [Setting] 设备码加载成功: 6a381896f683703f...
2026-07-09 20:42:36.797 | INFO     | app.view.setting_interface:_updateActivationStatus:348 | [Setting] 当前状态: gg | 有效期至 2026-12-31 | 剩余 174 天
2026-07-09 20:42:36.845 | DEBUG    | app.view.main_window:connectSignalToSlot:29 | 连接信号和槽
2026-07-09 20:42:36.847 | INFO     | app.view.main_window:initNavigation:32 | 开始初始化导航界面
2026-07-09 20:42:36.868 | INFO     | app.view.main_window:initNavigation:40 | 导航界面初始化完成
2026-07-09 20:42:36.868 | INFO     | app.view.main_window:__init__:26 | 主窗口初始化完成
2026-07-09 20:42:41.889 | INFO     | __main__:<module>:48 | 应用程序退出
2026-07-09 20:42:48.044 | INFO     | app.view.main_window:__init__:16 | 开始初始化主窗口
2026-07-09 20:42:48.155 | INFO     | app.view.main_window:initWindow:43 | 开始初始化窗口设置
2026-07-09 20:42:48.507 | DEBUG    | app.view.main_window:initWindow:50 | 已设置窗口基本属性
2026-07-09 20:42:48.508 | DEBUG    | app.view.main_window:initWindow:55 | 已创建并设置启动屏幕
2026-07-09 20:42:48.508 | DEBUG    | app.view.main_window:initWindow:60 | 已移动窗口到屏幕中心
2026-07-09 20:42:48.539 | INFO     | app.view.main_window:initWindow:64 | 窗口初始化完成并显示
2026-07-09 20:42:48.541 | INFO     | app.view.setting_interface:__init__:32 | [Setting] SoftwareSettingWidget 初始化
2026-07-09 20:42:48.559 | INFO     | app.view.setting_interface:__init__:180 | [Setting] LicenseSettingWidget 初始化
2026-07-09 20:42:48.605 | INFO     | app.view.setting_interface:_loadDeviceId:267 | [Setting] 设备码加载成功: 6a381896f683703f...
2026-07-09 20:43:09.990 | INFO     | app.view.main_window:__init__:16 | 开始初始化主窗口
2026-07-09 20:43:10.106 | INFO     | app.view.main_window:initWindow:43 | 开始初始化窗口设置
2026-07-09 20:43:10.479 | DEBUG    | app.view.main_window:initWindow:50 | 已设置窗口基本属性
2026-07-09 20:43:10.481 | DEBUG    | app.view.main_window:initWindow:55 | 已创建并设置启动屏幕
2026-07-09 20:43:10.481 | DEBUG    | app.view.main_window:initWindow:60 | 已移动窗口到屏幕中心
2026-07-09 20:43:10.513 | INFO     | app.view.main_window:initWindow:64 | 窗口初始化完成并显示
2026-07-09 20:43:10.516 | INFO     | app.view.setting_interface:__init__:32 | [Setting] SoftwareSettingWidget 初始化
2026-07-09 20:43:10.534 | INFO     | app.view.setting_interface:__init__:180 | [Setting] LicenseSettingWidget 初始化
2026-07-09 20:43:10.581 | INFO     | app.view.setting_interface:_loadDeviceId:267 | [Setting] 设备码加载成功: 6a381896f683703f...
2026-07-09 20:43:10.583 | INFO     | app.view.setting_interface:_updateActivationStatus:354 | [Setting] 当前状态: 未激活
2026-07-09 20:43:10.629 | DEBUG    | app.view.main_window:connectSignalToSlot:29 | 连接信号和槽
2026-07-09 20:43:10.630 | INFO     | app.view.main_window:initNavigation:32 | 开始初始化导航界面
2026-07-09 20:43:10.650 | INFO     | app.view.main_window:initNavigation:40 | 导航界面初始化完成
2026-07-09 20:43:10.650 | INFO     | app.view.main_window:__init__:26 | 主窗口初始化完成
2026-07-09 20:43:20.487 | INFO     | app.view.setting_interface:_activateLicense:295 | [Setting] 尝试激活，激活码: eyJkZXZp...
2026-07-09 20:43:20.487 | WARNING  | app.view.setting_interface:_activateLicense:309 | [Setting] 激活失败: 激活码格式错误
2026-07-09 20:43:24.402 | INFO     | app.view.setting_interface:_activateLicense:295 | [Setting] 尝试激活，激活码: eyJkZXZp...
2026-07-09 20:43:24.425 | INFO     | app.view.setting_interface:_activateLicense:315 | [Setting] 激活成功
2026-07-09 20:43:24.429 | INFO     | app.view.setting_interface:_updateActivationStatus:348 | [Setting] 当前状态: gg | 有效期至 2026-12-31 | 剩余 174 天
2026-07-09 20:43:26.918 | INFO     | __main__:<module>:48 | 应用程序退出
2026-07-09 20:44:12.226 | INFO     | app.view.main_window:__init__:16 | 开始初始化主窗口
2026-07-09 20:44:12.339 | INFO     | app.view.main_window:initWindow:43 | 开始初始化窗口设置
2026-07-09 20:44:12.707 | DEBUG    | app.view.main_window:initWindow:50 | 已设置窗口基本属性
2026-07-09 20:44:12.708 | DEBUG    | app.view.main_window:initWindow:55 | 已创建并设置启动屏幕
2026-07-09 20:44:12.709 | DEBUG    | app.view.main_window:initWindow:60 | 已移动窗口到屏幕中心
2026-07-09 20:44:12.740 | INFO     | app.view.main_window:initWindow:64 | 窗口初始化完成并显示
2026-07-09 20:44:12.743 | INFO     | app.view.setting_interface:__init__:32 | [Setting] SoftwareSettingWidget 初始化
2026-07-09 20:44:12.761 | INFO     | app.view.setting_interface:__init__:180 | [Setting] LicenseSettingWidget 初始化
2026-07-09 20:44:12.807 | INFO     | app.view.setting_interface:_loadDeviceId:267 | [Setting] 设备码加载成功: 6a381896f683703f...
2026-07-09 20:44:12.829 | INFO     | app.view.setting_interface:_updateActivationStatus:346 | [Setting] 当前状态: gg | 有效期至 2026-12-31 | 剩余 174 天
2026-07-09 20:44:12.876 | DEBUG    | app.view.main_window:connectSignalToSlot:29 | 连接信号和槽
2026-07-09 20:44:12.877 | INFO     | app.view.main_window:initNavigation:32 | 开始初始化导航界面
2026-07-09 20:44:12.897 | INFO     | app.view.main_window:initNavigation:40 | 导航界面初始化完成
2026-07-09 20:44:12.898 | INFO     | app.view.main_window:__init__:26 | 主窗口初始化完成
2026-07-09 20:44:14.911 | INFO     | app.view.setting_interface:_onPageNumsChanged:142 | [Setting] 每页检索数量已修改: 20
2026-07-09 20:44:18.921 | INFO     | app.view.setting_interface:_onPageNumsChanged:142 | [Setting] 每页检索数量已修改: 100
2026-07-09 20:44:20.112 | INFO     | __main__:<module>:48 | 应用程序退出
2026-07-09 20:44:43.457 | INFO     | app.view.main_window:__init__:16 | 开始初始化主窗口
2026-07-09 20:44:43.569 | INFO     | app.view.main_window:initWindow:43 | 开始初始化窗口设置
2026-07-09 20:44:43.946 | DEBUG    | app.view.main_window:initWindow:50 | 已设置窗口基本属性
2026-07-09 20:44:43.948 | DEBUG    | app.view.main_window:initWindow:55 | 已创建并设置启动屏幕
2026-07-09 20:44:43.948 | DEBUG    | app.view.main_window:initWindow:60 | 已移动窗口到屏幕中心
2026-07-09 20:44:43.978 | INFO     | app.view.main_window:initWindow:64 | 窗口初始化完成并显示
2026-07-09 20:44:43.982 | INFO     | app.view.setting_interface:__init__:32 | [Setting] SoftwareSettingWidget 初始化
2026-07-09 20:44:43.999 | INFO     | app.view.setting_interface:__init__:180 | [Setting] LicenseSettingWidget 初始化
2026-07-09 20:44:44.049 | INFO     | app.view.setting_interface:_loadDeviceId:267 | [Setting] 设备码加载成功: 6a381896f683703f...
2026-07-09 20:44:44.070 | INFO     | app.view.setting_interface:_updateActivationStatus:346 | [Setting] 当前状态: gg | 有效期至 2026-12-31 | 剩余 174 天
2026-07-09 20:44:44.118 | DEBUG    | app.view.main_window:connectSignalToSlot:29 | 连接信号和槽
2026-07-09 20:44:44.120 | INFO     | app.view.main_window:initNavigation:32 | 开始初始化导航界面
2026-07-09 20:44:44.141 | INFO     | app.view.main_window:initNavigation:40 | 导航界面初始化完成
2026-07-09 20:44:44.142 | INFO     | app.view.main_window:__init__:26 | 主窗口初始化完成
2026-07-09 20:45:06.901 | INFO     | app.view.main_window:__init__:16 | 开始初始化主窗口
2026-07-09 20:45:07.017 | INFO     | app.view.main_window:initWindow:43 | 开始初始化窗口设置
2026-07-09 20:45:07.408 | DEBUG    | app.view.main_window:initWindow:50 | 已设置窗口基本属性
2026-07-09 20:45:07.409 | DEBUG    | app.view.main_window:initWindow:55 | 已创建并设置启动屏幕
2026-07-09 20:45:07.410 | DEBUG    | app.view.main_window:initWindow:60 | 已移动窗口到屏幕中心
2026-07-09 20:45:07.440 | INFO     | app.view.main_window:initWindow:64 | 窗口初始化完成并显示
2026-07-09 20:45:07.444 | INFO     | app.view.setting_interface:__init__:32 | [Setting] SoftwareSettingWidget 初始化
2026-07-09 20:45:07.464 | INFO     | app.view.setting_interface:__init__:180 | [Setting] LicenseSettingWidget 初始化
2026-07-09 20:45:07.518 | INFO     | app.view.setting_interface:_loadDeviceId:267 | [Setting] 设备码加载成功: 6a381896f683703f...
2026-07-09 20:45:07.542 | INFO     | app.view.setting_interface:_updateActivationStatus:346 | [Setting] 当前状态: gg | 有效期至 2026-12-31 | 剩余 174 天
2026-07-09 20:45:07.597 | DEBUG    | app.view.main_window:connectSignalToSlot:29 | 连接信号和槽
2026-07-09 20:45:07.597 | INFO     | app.view.main_window:initNavigation:32 | 开始初始化导航界面
2026-07-09 20:45:07.621 | INFO     | app.view.main_window:initNavigation:40 | 导航界面初始化完成
2026-07-09 20:45:07.622 | INFO     | app.view.main_window:__init__:26 | 主窗口初始化完成
2026-07-09 20:45:12.060 | INFO     | app.view.setting_interface:_copyDeviceId:279 | [Setting] 设备码已复制到剪贴板
2026-07-09 20:45:31.652 | INFO     | __main__:<module>:48 | 应用程序退出
2026-07-09 20:46:15.820 | INFO     | app.view.main_window:__init__:16 | 开始初始化主窗口
2026-07-09 20:46:15.943 | INFO     | app.view.main_window:initWindow:43 | 开始初始化窗口设置
2026-07-09 20:46:16.321 | DEBUG    | app.view.main_window:initWindow:50 | 已设置窗口基本属性
2026-07-09 20:46:16.322 | DEBUG    | app.view.main_window:initWindow:55 | 已创建并设置启动屏幕
2026-07-09 20:46:16.322 | DEBUG    | app.view.main_window:initWindow:60 | 已移动窗口到屏幕中心
2026-07-09 20:46:16.345 | INFO     | app.view.main_window:initWindow:64 | 窗口初始化完成并显示
2026-07-09 20:46:16.349 | INFO     | app.view.setting_interface:__init__:32 | [Setting] SoftwareSettingWidget 初始化
2026-07-09 20:46:16.369 | INFO     | app.view.setting_interface:__init__:180 | [Setting] LicenseSettingWidget 初始化
2026-07-09 20:46:16.420 | INFO     | app.view.setting_interface:_loadDeviceId:267 | [Setting] 设备码加载成功: 6a381896f683703f...
2026-07-09 20:46:16.440 | INFO     | app.view.setting_interface:_updateActivationStatus:346 | [Setting] 当前状态: gg | 有效期至 2026-12-31 | 剩余 174 天
2026-07-09 20:46:16.489 | DEBUG    | app.view.main_window:connectSignalToSlot:29 | 连接信号和槽
2026-07-09 20:46:16.489 | INFO     | app.view.main_window:initNavigation:32 | 开始初始化导航界面
2026-07-09 20:46:16.516 | INFO     | app.view.main_window:initNavigation:40 | 导航界面初始化完成
2026-07-09 20:46:16.517 | INFO     | app.view.main_window:__init__:26 | 主窗口初始化完成
2026-07-09 20:46:18.775 | INFO     | __main__:<module>:48 | 应用程序退出
2026-07-09 20:52:09.501 | INFO     | app.view.main_window:__init__:16 | 开始初始化主窗口
2026-07-09 20:52:09.675 | INFO     | app.view.main_window:initWindow:43 | 开始初始化窗口设置
2026-07-09 20:52:10.004 | DEBUG    | app.view.main_window:initWindow:50 | 已设置窗口基本属性
2026-07-09 20:52:10.007 | DEBUG    | app.view.main_window:initWindow:55 | 已创建并设置启动屏幕
2026-07-09 20:52:10.007 | DEBUG    | app.view.main_window:initWindow:60 | 已移动窗口到屏幕中心
2026-07-09 20:52:10.040 | INFO     | app.view.main_window:initWindow:64 | 窗口初始化完成并显示
2026-07-09 20:52:10.042 | INFO     | app.view.setting_interface:__init__:32 | [Setting] SoftwareSettingWidget 初始化
2026-07-09 20:52:10.061 | INFO     | app.view.setting_interface:__init__:180 | [Setting] LicenseSettingWidget 初始化
2026-07-09 20:52:10.096 | INFO     | app.view.setting_interface:_loadDeviceId:267 | [Setting] 设备码加载成功: 6a381896f683703f...
2026-07-09 20:52:10.096 | INFO     | app.view.setting_interface:_updateActivationStatus:350 | [Setting] 当前状态: gg | 有效期至 2026-12-31 | 剩余 174 天
2026-07-09 20:52:10.144 | DEBUG    | app.view.main_window:connectSignalToSlot:29 | 连接信号和槽
2026-07-09 20:52:10.145 | INFO     | app.view.main_window:initNavigation:32 | 开始初始化导航界面
2026-07-09 20:52:10.166 | INFO     | app.view.main_window:initNavigation:40 | 导航界面初始化完成
2026-07-09 20:52:10.166 | INFO     | app.view.main_window:__init__:26 | 主窗口初始化完成
2026-07-09 20:52:18.699 | INFO     | __main__:<module>:48 | 应用程序退出
2026-07-09 20:52:27.677 | INFO     | app.view.main_window:__init__:16 | 开始初始化主窗口
2026-07-09 20:52:27.799 | INFO     | app.view.main_window:initWindow:43 | 开始初始化窗口设置
2026-07-09 20:52:28.167 | DEBUG    | app.view.main_window:initWindow:50 | 已设置窗口基本属性
2026-07-09 20:52:28.170 | DEBUG    | app.view.main_window:initWindow:55 | 已创建并设置启动屏幕
2026-07-09 20:52:28.170 | DEBUG    | app.view.main_window:initWindow:60 | 已移动窗口到屏幕中心
2026-07-09 20:52:28.201 | INFO     | app.view.main_window:initWindow:64 | 窗口初始化完成并显示
2026-07-09 20:52:28.203 | INFO     | app.view.setting_interface:__init__:32 | [Setting] SoftwareSettingWidget 初始化
2026-07-09 20:52:28.221 | INFO     | app.view.setting_interface:__init__:180 | [Setting] LicenseSettingWidget 初始化
2026-07-09 20:52:28.268 | INFO     | app.view.setting_interface:_loadDeviceId:267 | [Setting] 设备码加载成功: 6a381896f683703f...
2026-07-09 20:52:28.268 | INFO     | app.view.setting_interface:_updateActivationStatus:356 | [Setting] 当前状态: 未激活
2026-07-09 20:52:28.316 | DEBUG    | app.view.main_window:connectSignalToSlot:29 | 连接信号和槽
2026-07-09 20:52:28.317 | INFO     | app.view.main_window:initNavigation:32 | 开始初始化导航界面
2026-07-09 20:52:28.338 | INFO     | app.view.main_window:initNavigation:40 | 导航界面初始化完成
2026-07-09 20:52:28.339 | INFO     | app.view.main_window:__init__:26 | 主窗口初始化完成
2026-07-09 20:52:34.406 | INFO     | __main__:<module>:48 | 应用程序退出
2026-07-09 20:53:18.279 | INFO     | app.view.main_window:__init__:16 | 开始初始化主窗口
2026-07-09 20:53:18.407 | INFO     | app.view.main_window:initWindow:43 | 开始初始化窗口设置
2026-07-09 20:53:18.792 | DEBUG    | app.view.main_window:initWindow:50 | 已设置窗口基本属性
2026-07-09 20:53:18.794 | DEBUG    | app.view.main_window:initWindow:55 | 已创建并设置启动屏幕
2026-07-09 20:53:18.794 | DEBUG    | app.view.main_window:initWindow:60 | 已移动窗口到屏幕中心
2026-07-09 20:53:18.825 | INFO     | app.view.main_window:initWindow:64 | 窗口初始化完成并显示
2026-07-09 20:53:18.829 | INFO     | app.view.setting_interface:__init__:32 | [Setting] SoftwareSettingWidget 初始化
2026-07-09 20:53:18.847 | INFO     | app.view.setting_interface:__init__:180 | [Setting] LicenseSettingWidget 初始化
2026-07-09 20:53:18.894 | INFO     | app.view.setting_interface:_loadDeviceId:267 | [Setting] 设备码加载成功: 6a381896f683703f...
2026-07-09 20:53:18.895 | INFO     | app.view.setting_interface:_updateActivationStatus:356 | [Setting] 当前状态: 未激活
2026-07-09 20:53:18.946 | DEBUG    | app.view.main_window:connectSignalToSlot:29 | 连接信号和槽
2026-07-09 20:53:18.947 | INFO     | app.view.main_window:initNavigation:32 | 开始初始化导航界面
2026-07-09 20:53:18.968 | INFO     | app.view.main_window:initNavigation:40 | 导航界面初始化完成
2026-07-09 20:53:18.968 | INFO     | app.view.main_window:__init__:26 | 主窗口初始化完成
2026-07-09 20:53:22.247 | INFO     | __main__:<module>:48 | 应用程序退出
2026-07-09 20:53:48.630 | INFO     | app.view.main_window:__init__:16 | 开始初始化主窗口
2026-07-09 20:53:48.753 | INFO     | app.view.main_window:initWindow:43 | 开始初始化窗口设置
2026-07-09 20:53:49.109 | DEBUG    | app.view.main_window:initWindow:50 | 已设置窗口基本属性
2026-07-09 20:53:49.111 | DEBUG    | app.view.main_window:initWindow:55 | 已创建并设置启动屏幕
2026-07-09 20:53:49.111 | DEBUG    | app.view.main_window:initWindow:60 | 已移动窗口到屏幕中心
2026-07-09 20:53:49.144 | INFO     | app.view.main_window:initWindow:64 | 窗口初始化完成并显示
2026-07-09 20:53:49.147 | INFO     | app.view.setting_interface:__init__:32 | [Setting] SoftwareSettingWidget 初始化
2026-07-09 20:53:49.165 | INFO     | app.view.setting_interface:__init__:180 | [Setting] LicenseSettingWidget 初始化
2026-07-09 20:53:49.212 | INFO     | app.view.setting_interface:_loadDeviceId:267 | [Setting] 设备码加载成功: 6a381896f683703f...
2026-07-09 20:53:49.212 | INFO     | app.view.setting_interface:_updateActivationStatus:356 | [Setting] 当前状态: 未激活
2026-07-09 20:53:49.263 | DEBUG    | app.view.main_window:connectSignalToSlot:29 | 连接信号和槽
2026-07-09 20:53:49.264 | INFO     | app.view.main_window:initNavigation:32 | 开始初始化导航界面
2026-07-09 20:53:49.286 | INFO     | app.view.main_window:initNavigation:40 | 导航界面初始化完成
2026-07-09 20:53:49.287 | INFO     | app.view.main_window:__init__:26 | 主窗口初始化完成
2026-07-09 20:55:38.404 | INFO     | app.view.setting_interface:_activateLicense:295 | [Setting] 尝试激活，激活码: eyJkZXZp...
2026-07-09 20:55:38.426 | INFO     | app.view.setting_interface:_activateLicense:315 | [Setting] 激活成功
2026-07-09 20:55:38.431 | INFO     | app.view.setting_interface:_updateActivationStatus:350 | [Setting] 当前状态: 开发测试 | 有效期至 2026-12-31 | 剩余 174 天
2026-07-09 20:55:57.195 | INFO     | __main__:<module>:48 | 应用程序退出
2026-07-09 20:59:23.137 | INFO     | app.view.main_window:__init__:16 | 开始初始化主窗口
2026-07-09 20:59:23.289 | INFO     | app.view.main_window:initWindow:43 | 开始初始化窗口设置
2026-07-09 20:59:23.638 | DEBUG    | app.view.main_window:initWindow:50 | 已设置窗口基本属性
2026-07-09 20:59:23.640 | DEBUG    | app.view.main_window:initWindow:55 | 已创建并设置启动屏幕
2026-07-09 20:59:23.641 | DEBUG    | app.view.main_window:initWindow:60 | 已移动窗口到屏幕中心
2026-07-09 20:59:23.675 | INFO     | app.view.main_window:initWindow:64 | 窗口初始化完成并显示
2026-07-09 20:59:23.679 | INFO     | app.view.setting_interface:__init__:32 | [Setting] SoftwareSettingWidget 初始化
2026-07-09 20:59:23.695 | INFO     | app.view.setting_interface:__init__:180 | [Setting] LicenseSettingWidget 初始化
2026-07-09 20:59:23.730 | INFO     | app.view.setting_interface:_loadDeviceId:267 | [Setting] 设备码加载成功: 6a381896f683703f...
2026-07-09 20:59:23.730 | INFO     | app.view.setting_interface:_updateActivationStatus:350 | [Setting] 当前状态: 开发测试 | 有效期至 2026-12-31 | 剩余 174 天
2026-07-09 20:59:23.788 | DEBUG    | app.view.main_window:connectSignalToSlot:29 | 连接信号和槽
2026-07-09 20:59:23.789 | INFO     | app.view.main_window:initNavigation:32 | 开始初始化导航界面
2026-07-09 20:59:23.809 | INFO     | app.view.main_window:initNavigation:40 | 导航界面初始化完成
2026-07-09 20:59:23.809 | INFO     | app.view.main_window:__init__:26 | 主窗口初始化完成
2026-07-09 20:59:25.660 | INFO     | __main__:<module>:48 | 应用程序退出
2026-07-09 21:00:06.810 | INFO     | app.view.main_window:__init__:17 | 开始初始化主窗口
2026-07-09 21:00:06.970 | INFO     | app.view.main_window:initWindow:51 | 开始初始化窗口设置
2026-07-09 21:00:07.378 | DEBUG    | app.view.main_window:initWindow:58 | 已设置窗口基本属性
2026-07-09 21:00:07.380 | DEBUG    | app.view.main_window:initWindow:63 | 已创建并设置启动屏幕
2026-07-09 21:00:07.381 | DEBUG    | app.view.main_window:initWindow:68 | 已移动窗口到屏幕中心
2026-07-09 21:00:07.412 | INFO     | app.view.main_window:initWindow:72 | 窗口初始化完成并显示
2026-07-09 21:00:37.380 | INFO     | app.view.main_window:__init__:17 | 开始初始化主窗口
2026-07-09 21:00:37.550 | INFO     | app.view.main_window:initWindow:51 | 开始初始化窗口设置
2026-07-09 21:00:38.077 | DEBUG    | app.view.main_window:initWindow:58 | 已设置窗口基本属性
2026-07-09 21:00:38.079 | DEBUG    | app.view.main_window:initWindow:63 | 已创建并设置启动屏幕
2026-07-09 21:00:38.080 | DEBUG    | app.view.main_window:initWindow:68 | 已移动窗口到屏幕中心
2026-07-09 21:00:38.118 | INFO     | app.view.main_window:initWindow:72 | 窗口初始化完成并显示
2026-07-09 21:00:38.281 | INFO     | app.view.setting_interface:__init__:32 | [Setting] SoftwareSettingWidget 初始化
2026-07-09 21:00:38.306 | INFO     | app.view.setting_interface:__init__:180 | [Setting] LicenseSettingWidget 初始化
2026-07-09 21:00:38.351 | INFO     | app.view.setting_interface:_loadDeviceId:267 | [Setting] 设备码加载成功: 6a381896f683703f...
2026-07-09 21:00:38.353 | INFO     | app.view.setting_interface:_updateActivationStatus:350 | [Setting] 当前状态: 开发测试 | 有效期至 2026-12-31 | 剩余 174 天
2026-07-09 21:00:38.411 | DEBUG    | app.view.main_window:connectSignalToSlot:31 | 连接信号和槽
2026-07-09 21:00:38.411 | INFO     | app.view.main_window:initNavigation:34 | 开始初始化导航界面
2026-07-09 21:00:38.448 | INFO     | app.view.main_window:initNavigation:48 | 导航界面初始化完成
2026-07-09 21:00:38.448 | INFO     | app.view.main_window:__init__:28 | 主窗口初始化完成
2026-07-09 21:00:41.982 | INFO     | __main__:<module>:48 | 应用程序退出
2026-07-09 21:00:59.999 | INFO     | app.view.main_window:__init__:17 | 开始初始化主窗口
2026-07-09 21:01:00.158 | INFO     | app.view.main_window:initWindow:51 | 开始初始化窗口设置
2026-07-09 21:01:00.502 | DEBUG    | app.view.main_window:initWindow:58 | 已设置窗口基本属性
2026-07-09 21:01:00.504 | DEBUG    | app.view.main_window:initWindow:63 | 已创建并设置启动屏幕
2026-07-09 21:01:00.504 | DEBUG    | app.view.main_window:initWindow:68 | 已移动窗口到屏幕中心
2026-07-09 21:01:00.534 | INFO     | app.view.main_window:initWindow:72 | 窗口初始化完成并显示
2026-07-09 21:01:00.644 | INFO     | app.view.setting_interface:__init__:32 | [Setting] SoftwareSettingWidget 初始化
2026-07-09 21:01:00.661 | INFO     | app.view.setting_interface:__init__:180 | [Setting] LicenseSettingWidget 初始化
2026-07-09 21:01:00.694 | INFO     | app.view.setting_interface:_loadDeviceId:267 | [Setting] 设备码加载成功: 6a381896f683703f...
2026-07-09 21:01:00.696 | INFO     | app.view.setting_interface:_updateActivationStatus:350 | [Setting] 当前状态: 开发测试 | 有效期至 2026-12-31 | 剩余 174 天
2026-07-09 21:01:00.744 | DEBUG    | app.view.main_window:connectSignalToSlot:31 | 连接信号和槽
2026-07-09 21:01:00.745 | INFO     | app.view.main_window:initNavigation:34 | 开始初始化导航界面
2026-07-09 21:01:00.772 | INFO     | app.view.main_window:initNavigation:48 | 导航界面初始化完成
2026-07-09 21:01:00.773 | INFO     | app.view.main_window:__init__:28 | 主窗口初始化完成
2026-07-09 21:01:13.513 | INFO     | __main__:<module>:48 | 应用程序退出
2026-07-09 21:01:26.206 | INFO     | app.view.main_window:__init__:17 | 开始初始化主窗口
2026-07-09 21:01:26.361 | INFO     | app.view.main_window:initWindow:51 | 开始初始化窗口设置
2026-07-09 21:01:26.740 | DEBUG    | app.view.main_window:initWindow:58 | 已设置窗口基本属性
2026-07-09 21:01:26.742 | DEBUG    | app.view.main_window:initWindow:63 | 已创建并设置启动屏幕
2026-07-09 21:01:26.742 | DEBUG    | app.view.main_window:initWindow:68 | 已移动窗口到屏幕中心
2026-07-09 21:01:26.775 | INFO     | app.view.main_window:initWindow:72 | 窗口初始化完成并显示
2026-07-09 21:01:26.884 | INFO     | app.view.setting_interface:__init__:32 | [Setting] SoftwareSettingWidget 初始化
2026-07-09 21:01:26.900 | INFO     | app.view.setting_interface:__init__:180 | [Setting] LicenseSettingWidget 初始化
2026-07-09 21:01:26.935 | INFO     | app.view.setting_interface:_loadDeviceId:267 | [Setting] 设备码加载成功: 6a381896f683703f...
2026-07-09 21:01:26.936 | INFO     | app.view.setting_interface:_updateActivationStatus:350 | [Setting] 当前状态: 开发测试 | 有效期至 2026-12-31 | 剩余 174 天
2026-07-09 21:01:26.983 | DEBUG    | app.view.main_window:connectSignalToSlot:31 | 连接信号和槽
2026-07-09 21:01:26.983 | INFO     | app.view.main_window:initNavigation:34 | 开始初始化导航界面
2026-07-09 21:01:27.011 | INFO     | app.view.main_window:initNavigation:48 | 导航界面初始化完成
2026-07-09 21:01:27.012 | INFO     | app.view.main_window:__init__:28 | 主窗口初始化完成
2026-07-09 21:06:33.840 | INFO     | __main__:<module>:48 | 应用程序退出
2026-07-09 21:11:11.192 | INFO     | app.view.main_window:__init__:17 | 开始初始化主窗口
2026-07-09 21:11:11.353 | INFO     | app.view.main_window:initWindow:51 | 开始初始化窗口设置
2026-07-09 21:11:11.731 | DEBUG    | app.view.main_window:initWindow:58 | 已设置窗口基本属性
2026-07-09 21:11:11.734 | DEBUG    | app.view.main_window:initWindow:63 | 已创建并设置启动屏幕
2026-07-09 21:11:11.734 | DEBUG    | app.view.main_window:initWindow:68 | 已移动窗口到屏幕中心
2026-07-09 21:11:11.765 | INFO     | app.view.main_window:initWindow:72 | 窗口初始化完成并显示
2026-07-09 21:11:11.879 | INFO     | app.view.setting_interface:__init__:32 | [Setting] SoftwareSettingWidget 初始化
2026-07-09 21:11:11.898 | INFO     | app.view.setting_interface:__init__:180 | [Setting] LicenseSettingWidget 初始化
2026-07-09 21:11:11.934 | INFO     | app.view.setting_interface:_loadDeviceId:267 | [Setting] 设备码加载成功: 6a381896f683703f...
2026-07-09 21:11:11.935 | INFO     | app.view.setting_interface:_updateActivationStatus:350 | [Setting] 当前状态: 开发测试 | 有效期至 2026-12-31 | 剩余 174 天
2026-07-09 21:11:11.982 | DEBUG    | app.view.main_window:connectSignalToSlot:31 | 连接信号和槽
2026-07-09 21:11:11.982 | INFO     | app.view.main_window:initNavigation:34 | 开始初始化导航界面
2026-07-09 21:11:12.010 | INFO     | app.view.main_window:initNavigation:48 | 导航界面初始化完成
2026-07-09 21:11:12.011 | INFO     | app.view.main_window:__init__:28 | 主窗口初始化完成
2026-07-09 21:11:12.880 | INFO     | __main__:<module>:48 | 应用程序退出
2026-07-09 21:15:57.801 | INFO     | app.view.main_window:__init__:17 | 开始初始化主窗口
2026-07-09 21:15:57.956 | INFO     | app.view.main_window:initWindow:51 | 开始初始化窗口设置
2026-07-09 21:15:58.230 | DEBUG    | app.view.main_window:initWindow:58 | 已设置窗口基本属性
2026-07-09 21:15:58.232 | DEBUG    | app.view.main_window:initWindow:63 | 已创建并设置启动屏幕
2026-07-09 21:15:58.233 | DEBUG    | app.view.main_window:initWindow:68 | 已移动窗口到屏幕中心
2026-07-09 21:15:58.256 | INFO     | app.view.main_window:initWindow:72 | 窗口初始化完成并显示
2026-07-09 21:16:40.776 | INFO     | app.view.main_window:__init__:17 | 开始初始化主窗口
2026-07-09 21:16:40.933 | INFO     | app.view.main_window:initWindow:51 | 开始初始化窗口设置
2026-07-09 21:16:41.287 | DEBUG    | app.view.main_window:initWindow:58 | 已设置窗口基本属性
2026-07-09 21:16:41.288 | DEBUG    | app.view.main_window:initWindow:63 | 已创建并设置启动屏幕
2026-07-09 21:16:41.289 | DEBUG    | app.view.main_window:initWindow:68 | 已移动窗口到屏幕中心
2026-07-09 21:16:41.323 | INFO     | app.view.main_window:initWindow:72 | 窗口初始化完成并显示
2026-07-09 21:16:41.446 | INFO     | app.view.setting_interface:__init__:32 | [Setting] SoftwareSettingWidget 初始化
2026-07-09 21:16:41.464 | INFO     | app.view.setting_interface:__init__:180 | [Setting] LicenseSettingWidget 初始化
2026-07-09 21:16:41.501 | INFO     | app.view.setting_interface:_loadDeviceId:267 | [Setting] 设备码加载成功: 6a381896f683703f...
2026-07-09 21:16:41.501 | INFO     | app.view.setting_interface:_updateActivationStatus:350 | [Setting] 当前状态: 开发测试 | 有效期至 2026-12-31 | 剩余 174 天
2026-07-09 21:16:41.548 | DEBUG    | app.view.main_window:connectSignalToSlot:31 | 连接信号和槽
2026-07-09 21:16:41.549 | INFO     | app.view.main_window:initNavigation:34 | 开始初始化导航界面
2026-07-09 21:16:41.582 | INFO     | app.view.main_window:initNavigation:48 | 导航界面初始化完成
2026-07-09 21:16:41.584 | INFO     | app.view.main_window:__init__:28 | 主窗口初始化完成
2026-07-09 21:16:49.840 | INFO     | __main__:<module>:48 | 应用程序退出
2026-07-09 21:17:02.874 | INFO     | app.view.main_window:__init__:17 | 开始初始化主窗口
2026-07-09 21:17:03.033 | INFO     | app.view.main_window:initWindow:51 | 开始初始化窗口设置
2026-07-09 21:17:03.398 | DEBUG    | app.view.main_window:initWindow:58 | 已设置窗口基本属性
2026-07-09 21:17:03.400 | DEBUG    | app.view.main_window:initWindow:63 | 已创建并设置启动屏幕
2026-07-09 21:17:03.401 | DEBUG    | app.view.main_window:initWindow:68 | 已移动窗口到屏幕中心
2026-07-09 21:17:03.437 | INFO     | app.view.main_window:initWindow:72 | 窗口初始化完成并显示
2026-07-09 21:18:05.448 | INFO     | app.view.main_window:__init__:17 | 开始初始化主窗口
2026-07-09 21:18:05.608 | INFO     | app.view.main_window:initWindow:51 | 开始初始化窗口设置
2026-07-09 21:18:05.969 | DEBUG    | app.view.main_window:initWindow:58 | 已设置窗口基本属性
2026-07-09 21:18:05.971 | DEBUG    | app.view.main_window:initWindow:63 | 已创建并设置启动屏幕
2026-07-09 21:18:05.971 | DEBUG    | app.view.main_window:initWindow:68 | 已移动窗口到屏幕中心
2026-07-09 21:18:06.003 | INFO     | app.view.main_window:initWindow:72 | 窗口初始化完成并显示
2026-07-09 21:18:21.195 | INFO     | app.view.main_window:__init__:17 | 开始初始化主窗口
2026-07-09 21:18:21.350 | INFO     | app.view.main_window:initWindow:51 | 开始初始化窗口设置
2026-07-09 21:18:21.717 | DEBUG    | app.view.main_window:initWindow:58 | 已设置窗口基本属性
2026-07-09 21:18:21.718 | DEBUG    | app.view.main_window:initWindow:63 | 已创建并设置启动屏幕
2026-07-09 21:18:21.718 | DEBUG    | app.view.main_window:initWindow:68 | 已移动窗口到屏幕中心
2026-07-09 21:18:21.748 | INFO     | app.view.main_window:initWindow:72 | 窗口初始化完成并显示
2026-07-09 21:18:21.873 | INFO     | app.view.setting_interface:__init__:32 | [Setting] SoftwareSettingWidget 初始化
2026-07-09 21:18:21.891 | INFO     | app.view.setting_interface:__init__:180 | [Setting] LicenseSettingWidget 初始化
2026-07-09 21:18:21.927 | INFO     | app.view.setting_interface:_loadDeviceId:267 | [Setting] 设备码加载成功: 6a381896f683703f...
2026-07-09 21:18:21.928 | INFO     | app.view.setting_interface:_updateActivationStatus:350 | [Setting] 当前状态: 开发测试 | 有效期至 2026-12-31 | 剩余 174 天
2026-07-09 21:18:21.977 | DEBUG    | app.view.main_window:connectSignalToSlot:31 | 连接信号和槽
2026-07-09 21:18:21.978 | INFO     | app.view.main_window:initNavigation:34 | 开始初始化导航界面
2026-07-09 21:18:22.011 | INFO     | app.view.main_window:initNavigation:48 | 导航界面初始化完成
2026-07-09 21:18:22.012 | INFO     | app.view.main_window:__init__:28 | 主窗口初始化完成
2026-07-09 21:20:09.434 | INFO     | app.view.main_window:__init__:17 | 开始初始化主窗口
2026-07-09 21:20:09.595 | INFO     | app.view.main_window:initWindow:51 | 开始初始化窗口设置
2026-07-09 21:20:09.960 | DEBUG    | app.view.main_window:initWindow:58 | 已设置窗口基本属性
2026-07-09 21:20:09.963 | DEBUG    | app.view.main_window:initWindow:63 | 已创建并设置启动屏幕
2026-07-09 21:20:09.963 | DEBUG    | app.view.main_window:initWindow:68 | 已移动窗口到屏幕中心
2026-07-09 21:20:09.996 | INFO     | app.view.main_window:initWindow:72 | 窗口初始化完成并显示
2026-07-09 21:20:10.120 | INFO     | app.view.setting_interface:__init__:32 | [Setting] SoftwareSettingWidget 初始化
2026-07-09 21:20:10.138 | INFO     | app.view.setting_interface:__init__:180 | [Setting] LicenseSettingWidget 初始化
2026-07-09 21:20:10.174 | INFO     | app.view.setting_interface:_loadDeviceId:267 | [Setting] 设备码加载成功: 6a381896f683703f...
2026-07-09 21:20:10.174 | INFO     | app.view.setting_interface:_updateActivationStatus:350 | [Setting] 当前状态: 开发测试 | 有效期至 2026-12-31 | 剩余 174 天
2026-07-09 21:20:10.222 | DEBUG    | app.view.main_window:connectSignalToSlot:31 | 连接信号和槽
2026-07-09 21:20:10.222 | INFO     | app.view.main_window:initNavigation:34 | 开始初始化导航界面
2026-07-09 21:20:10.252 | INFO     | app.view.main_window:initNavigation:48 | 导航界面初始化完成
2026-07-09 21:20:10.253 | INFO     | app.view.main_window:__init__:28 | 主窗口初始化完成
2026-07-09 21:20:24.889 | INFO     | __main__:<module>:48 | 应用程序退出
